
> fleet-control-frontend@0.2.0 build C:\git\azhukov\sdlc\.local\chats-main-20261007\fleet-control\frontend
> tsc --noEmit && vite build

vite v6.4.3 building for production...
transforming...
✓ 3861 modules transformed.
rendering chunks...
computing gzip size...
dist/index.html                     0.78 kB │ gzip:   0.38 kB
dist/assets/index-BCvdeWyZ.css     42.88 kB │ gzip:   8.94 kB
dist/assets/forms-DZafAhUB.js       0.03 kB │ gzip:   0.05 kB
dist/assets/recharts-Bwdv4oLj.js    0.43 kB │ gzip:   0.29 kB
dist/assets/query-DOD9t1rB.js      42.04 kB │ gzip:  12.70 kB
dist/assets/vendor-Dg42-QDA.js    107.63 kB │ gzip:  34.99 kB
dist/assets/radix-Dqwwv0FM.js     122.88 kB │ gzip:  40.89 kB
dist/assets/index-KwXxGi0y.js     689.36 kB │ gzip: 192.92 kB

(!) Some chunks are larger than 500 kB after minification. Consider:
- Using dynamic import() to code-split the application
- Use build.rollupOptions.output.manualChunks to improve chunking: https://rollupjs.org/configuration-options/#output-manualchunks
- Adjust chunk size limit for this warning via build.chunkSizeWarningLimit.
✓ built in 7.05s
